[ctlyticstry.framer.website/index.html]
[backblue.gif]
[fade.gif]
[index.html]
[framerusercontent.com/images/oDafMqZRAfgqtOWgaLl1jU.png]
[framerusercontent.com/images/8eQ1oQCP2QLDtWk6w5qSe27ts.png]
[framerusercontent.com/assets/wNW5MUsVFJgjkATW8qoGt6ft5SY.png]
[ctlyticstry.framer.website/matches/383.html]
[ctlyticstry.framer.website/teams.html]
[ctlyticstry.framer.website/players.html]
[ctlyticstry.framer.website/tournaments.html]
[framerusercontent.com/images/am2kFfXEeHkQlGEHbgbHW0LdLM.png]
[framerusercontent.com/images/42I7pe5VX5CCKDhS4aMHn8qVo0.jpg]
[framerusercontent.com/images/Dt1nps6MaACitFFTsN9r7IrVPjs.jpg]
[ctlyticstry.framer.website/matches/382.html]
[ctlyticstry.framer.website/matches/380.html]
[framerusercontent.com/images/hAavWdcUTlgN68LCPYMnSDr2M.jpg]
[framerusercontent.com/images/SrqmTdFdjTurafLE59GFiDKeCL8.jpg]
[ctlyticstry.framer.website/matches/379.html]
[ctlyticstry.framer.website/matches/378.html]
[ctlyticstry.framer.website/matches/376.html]
[framerusercontent.com/images/KLRKx9HjsuX2kMrCkoCRJJIGmYM.jpg]
[ctlyticstry.framer.website/matches/375.html]
[ctlyticstry.framer.website/matches/374.html]
[ctlyticstry.framer.website/matches/372.html]
[framerusercontent.com/images/BtpZ68UJ4m6MftCKosOQ2YsU58.jpg]
[ctlyticstry.framer.website/matches/371.html]
[ctlyticstry.framer.website/matches/370.html]
[ctlyticstry.framer.website/matches/368.html]
[framerusercontent.com/images/MUhfSn94SOFZ21DLxy9ONn4jR0.png]
[ctlyticstry.framer.website/matches/367.html]
[ctlyticstry.framer.website/matches/365.html]
[ctlyticstry.framer.website/matches/364.html]
[framerusercontent.com/images/8a3E2RNKmg7yTplwr6kvH7PAUEk.png]
[ctlyticstry.framer.website/matches/362.html]
[framerusercontent.com/images/EfJ01T8B3NyW3lcA7M76x5UQ4.png]
[ctlyticstry.framer.website/matches/361.html]
[framerusercontent.com/images/NDy8Bg7hDhUasLmq8SJjB5DDH3A.png]
[ctlyticstry.framer.website/matches/359.html]
[framerusercontent.com/images/jOWmph6FzyFrkMDZAnZAbTD8D58.jpg]
[ctlyticstry.framer.website/matches/360.html]
[framerusercontent.com/images/dnU45igAAzVpBa7HqyeP0sMZQbI.png]
[ctlyticstry.framer.website/matches/358.html]
[framerusercontent.com/images/PEwbE4a0QoeHUMNAuBWPNsFdeFw.png]
[ctlyticstry.framer.website/matches/357.html]
[framerusercontent.com/images/gIXlzONOif4FcGd6GsvNxBwvxE.png]
[ctlyticstry.framer.website/matches/356.html]
[framerusercontent.com/images/WNGk6ynrfAJMzlbjqPiD20NZgI.jpg]
[ctlyticstry.framer.website/matches/355.html]
[framerusercontent.com/images/CgxNT83AYzcRaiNXsNIiqR9cbc.jpg]
[ctlyticstry.framer.website/matches/353.html]
[ctlyticstry.framer.website/matches/354.html]
[framerusercontent.com/images/YEaMS81HKsB8zS3b3LMjEOMSdPM.png]
[framerusercontent.com/images/PVw86MFJ81JO0Gmt4Vsv6QLKrE.png]
[ctlyticstry.framer.website/matches/352.html]
[framerusercontent.com/images/sHY7ofrTSl70VuYMeCCpUbnC2I.jpg]
[ctlyticstry.framer.website/matches/351.html]
[framerusercontent.com/images/Q73BuzrpjCIYPor6T5kmG4lRhFQ.png]
[ctlyticstry.framer.website/matches/350.html]
[framerusercontent.com/images/EjXgWyuBBMMYQVNXvArasvYwE.png]
[ctlyticstry.framer.website/matches/349.html]
[framerusercontent.com/images/HMy1hnhLXayXCr3RlYg1QCJGJUc.png]
[ctlyticstry.framer.website/matches/348.html]
[framerusercontent.com/images/Q0fcr3AXPNXRGpFiYZfz7IlgoA.png]
[ctlyticstry.framer.website/matches/347.html]
[framerusercontent.com/images/LYnTRlPaIzBnyDVxqSMwsb7mIU.jpg]
[ctlyticstry.framer.website/matches/346.html]
[framerusercontent.com/images/TxUaYeakTkly9rRkw2gFMo8o.png]
[ctlyticstry.framer.website/matches/345.html]
[framerusercontent.com/images/b889vTb6GcGrF55nwy898DCElnc.jpg]
[ctlyticstry.framer.website/matches/344.html]
[framerusercontent.com/images/eHwq5q9Jp8BQeadP6oNomaQJ2k.png]
[ctlyticstry.framer.website/matches/343.html]
[framerusercontent.com/images/ZSOuM3khUnp0a0lMpAG7FZs8WxU.jpg]
[ctlyticstry.framer.website/matches/341.html]
[framerusercontent.com/images/5KqySrOAEZNNPiEttJxJXCQtD5U.jpg]
[framerusercontent.com/images/j2NXv9SrX62TjOPkUFyoi6v5jM.png]
[ctlyticstry.framer.website/matches/339.html]
[ctlyticstry.framer.website/matches/340.html]
[ctlyticstry.framer.website/matches/338.html]
[framerusercontent.com/images/zQDjttzncBWlaJoPH8ONavCYs.jpg]
[ctlyticstry.framer.website/matches/337.html]
[framerusercontent.com/images/jGzTCNlseLymIpFcPbq6rDlmE.png]
[ctlyticstry.framer.website/matches/336.html]
[framerusercontent.com/images/ze8vGSRF1j8bXUoDeGvM49mUfyQ.png]
[ctlyticstry.framer.website/matches/335.html]
[framerusercontent.com/images/xcYCCCY8FQh6h78N1K0RkfJTM.png]
[ctlyticstry.framer.website/matches/332.html]
[framerusercontent.com/images/T5FdKpKFq0eCH7UGyut2s6OQ3kg.png]
[ctlyticstry.framer.website/matches/330.html]
[framerusercontent.com/images/F3UT3CAdtqUf9HMsUjwH5GK9M8.jpg]
[ctlyticstry.framer.website/matches/329.html]
[framerusercontent.com/images/LeoxqMFmSgWMrqumPOgIz7ArAU.jpg]
[ctlyticstry.framer.website/matches/326.html]
[framerusercontent.com/images/ui2KFkNNFlkxG5HCtqwUC0i5dO8.jpg]
[ctlyticstry.framer.website/matches/325.html]
[framerusercontent.com/images/jlcLMWTBOXuy256gAByZ8ToGf1g.png]
[ctlyticstry.framer.website/matches/324.html]
[framerusercontent.com/images/5xdYaRyFSClvm9JFGtSp0Itx2M.jpg]
[ctlyticstry.framer.website/index.html]
[ctlyticstry.framer.website/matches/323.html]
[ctlyticstry.framer.website/matches/321.html]
[ctlyticstry.framer.website/matches/322.html]
[framerusercontent.com/images/sg1jTXlx4v3Isd3DU1FiGRqirw.jpg]
[framerusercontent.com/images/V1cr7EPlbOZGC64oTC2apvjjs.jpg]
[ctlyticstry.framer.website/matches/320.html]
[framerusercontent.com/images/BhCebx31TUa9NK1XVEwxUlZBd34.png]
[ctlyticstry.framer.website/matches/319.html]
[framerusercontent.com/images/bOvNrUDvU6RM6NAUbRNHRQfU4.jpg]
[ctlyticstry.framer.website/matches/318.html]
[framerusercontent.com/images/r7Tv3qA5LlzsEpmBCzpuYg2beU.png]
[ctlyticstry.framer.website/players/pizzeria-manolo-haha.html]
[ctlyticstry.framer.website/matches/313.html]
[framerusercontent.com/images/XaD6LzJNQkaP8LMqPE24K8bY0.png]
[ctlyticstry.framer.website/matches/309.html]
[ctlyticstry.framer.website/matches/308.html]
[ctlyticstry.framer.website/matches/305.html]
[ctlyticstry.framer.website/matches/303.html]
[ctlyticstry.framer.website/players/blank-2811.html]
[framerusercontent.com/images/xljTkypWbuAq9l4Cn8KUZzdLtm4.png]
[framerusercontent.com/images/rBAcbBlEbqHecsRzDBD9ET5bAII.png]
[ctlyticstry.framer.website/matches/301.html]
[ctlyticstry.framer.website/matches/298.html]
[ctlyticstry.framer.website/matches/296.html]
[ctlyticstry.framer.website/matches/297.html]
[ctlyticstry.framer.website/players.html]
[ctlyticstry.framer.website/matches/295.html]
[ctlyticstry.framer.website/matches/294.html]
[ctlyticstry.framer.website/matches/293.html]
[ctlyticstry.framer.website/matches/292.html]
[framerusercontent.com/images/ZSLuNvy2kGwFxD78EdRimykjGE8.png]
[ctlyticstry.framer.website/matches/291.html]
[ctlyticstry.framer.website/tournaments.html]
[ctlyticstry.framer.website/matches/289.html]
[ctlyticstry.framer.website/teams.html]
[ctlyticstry.framer.website/matches/290.html]
[ctlyticstry.framer.website/matches/288.html]
[ctlyticstry.framer.website/matches/287.html]
[ctlyticstry.framer.website/matches/286.html]
[ctlyticstry.framer.website/matches/285.html]
[ctlyticstry.framer.website/matches/282.html]
[ctlyticstry.framer.website/matches/284.html]
[ctlyticstry.framer.website/matches/281.html]
[framerusercontent.com/images/xNMk0kC92uWn9o2fPQEYXo7Y.png]
[framerusercontent.com/images/GbD3zuLd0MhRmrLFfRRdZfkYPhw.png]
[ctlyticstry.framer.website/matches/279.html]
[ctlyticstry.framer.website/matches/280.html]
[ctlyticstry.framer.website/players/perzey-zzzz.html]
[ctlyticstry.framer.website/matches/383.html]
[ctlyticstry.framer.website/matches/276.html]
[ctlyticstry.framer.website/matches/278.html]
[ctlyticstry.framer.website/matches/277.html]
[ctlyticstry.framer.website/matches/275.html]
[ctlyticstry.framer.website/matches/273.html]
[ctlyticstry.framer.website/matches/382.html]
[ctlyticstry.framer.website/matches/274.html]
[ctlyticstry.framer.website/matches/272.html]
[ctlyticstry.framer.website/matches/271.html]
[ctlyticstry.framer.website/matches/270.html]
[framerusercontent.com/images/2TYqTJbjSGAm8bT6Agb7X8KQRdg.png]
[ctlyticstry.framer.website/players/crx-xkyjote-meow.html]
[ctlyticstry.framer.website/matches/268.html]
[ctlyticstry.framer.website/matches/269.html]
[ctlyticstry.framer.website/matches/380.html]
[ctlyticstry.framer.website/matches/267.html]
[ctlyticstry.framer.website/matches/266.html]
[ctlyticstry.framer.website/matches/263.html]
[framerusercontent.com/images/uniYlymFHPyQS1rvuuaXNnX39M.png]
[framerusercontent.com/images/G7BYqz75kd5PgZMnVaLpSbdS4A.png]
[ctlyticstry.framer.website/matches/379.html]
[ctlyticstry.framer.website/matches/259.html]
[ctlyticstry.framer.website/matches/261.html]
[ctlyticstry.framer.website/matches/378.html]
[ctlyticstry.framer.website/matches/258.html]
[framerusercontent.com/images/dncfkoEdAMJYfamMPgZkoEaMTY.png]
[ctlyticstry.framer.website/matches/255.html]
[ctlyticstry.framer.website/matches/376.html]
[ctlyticstry.framer.website/matches/254.html]
[ctlyticstry.framer.website/matches/257.html]
[ctlyticstry.framer.website/matches/253.html]
[framerusercontent.com/images/gjgRxAbedlfAljV7PAaIVajOYc.jpg]
[ctlyticstry.framer.website/matches/249.html]
[ctlyticstry.framer.website/matches/375.html]
[ctlyticstry.framer.website/matches/248.html]
[ctlyticstry.framer.website/matches/250.html]
[ctlyticstry.framer.website/matches/374.html]
[ctlyticstry.framer.website/matches/247.html]
[ctlyticstry.framer.website/matches/244.html]
[ctlyticstry.framer.website/matches/242.html]
[ctlyticstry.framer.website/matches/241.html]
[ctlyticstry.framer.website/matches/240.html]
[framerusercontent.com/images/QXfW7eoYGTcl0FygWVdoxIPfKf8.jpg]
[framerusercontent.com/images/XXE9MY1NSDimKVXLc1yC9Zb6j3s.png]
[ctlyticstry.framer.website/matches/239.html]
[ctlyticstry.framer.website/matches/372.html]
[ctlyticstry.framer.website/matches/238.html]
[ctlyticstry.framer.website/matches/371.html]
[ctlyticstry.framer.website/matches/236.html]
[ctlyticstry.framer.website/matches/237.html]
[ctlyticstry.framer.website/matches/370.html]
[ctlyticstry.framer.website/matches/235.html]
[ctlyticstry.framer.website/matches/234.html]
[framerusercontent.com/images/sb8V87JOBjWd6MaTmvti4uNfOAc.png]
[framerusercontent.com/images/y5drQWYcXdmhmbEHHjv7NBiP3rc.jpg]
[framerusercontent.com/images/1rl0QOy2IIIDJalL4PetP4zOl8g.jpg]
[framerusercontent.com/images/ctPgd4of86l88JAwCtgYsDA.png]
[ctlyticstry.framer.website/matches/232.html]
[ctlyticstry.framer.website/matches/368.html]
[ctlyticstry.framer.website/matches/230.html]
[ctlyticstry.framer.website/matches/231.html]
[ctlyticstry.framer.website/matches/367.html]
[ctlyticstry.framer.website/matches/227.html]
[ctlyticstry.framer.website/matches/229.html]
[ctlyticstry.framer.website/matches/226.html]
[ctlyticstry.framer.website/matches/365.html]
[ctlyticstry.framer.website/matches/224.html]
[ctlyticstry.framer.website/matches/364.html]
[ctlyticstry.framer.website/matches/225.html]
[ctlyticstry.framer.website/matches/223.html]
[ctlyticstry.framer.website/matches/222.html]
[ctlyticstry.framer.website/matches/221.html]
[framerusercontent.com/images/HFQgLs3t7x0RBDWzpBprzvOSMo.png]
[framerusercontent.com/images/WAZfI2Ef1lrKfiG0TafOwL1XtHc.png]
[ctlyticstry.framer.website/matches/220.html]
[ctlyticstry.framer.website/matches/218.html]
[framerusercontent.com/images/b00OhyFldG7rePML5TZCncrcFo.png]
[ctlyticstry.framer.website/matches/362.html]
[ctlyticstry.framer.website/matches/361.html]
[ctlyticstry.framer.website/matches/217.html]
[ctlyticstry.framer.website/matches/214.html]
[ctlyticstry.framer.website/matches/216.html]
[ctlyticstry.framer.website/matches/213.html]
[ctlyticstry.framer.website/matches/212.html]
[ctlyticstry.framer.website/matches/210.html]
[ctlyticstry.framer.website/matches/209.html]
[ctlyticstry.framer.website/matches/360.html]
[ctlyticstry.framer.website/matches/207.html]
[ctlyticstry.framer.website/matches/206.html]
[ctlyticstry.framer.website/matches/205.html]
[ctlyticstry.framer.website/matches/204.html]
[ctlyticstry.framer.website/matches/202.html]
[ctlyticstry.framer.website/matches/203.html]
[ctlyticstry.framer.website/matches/201.html]
[ctlyticstry.framer.website/matches/200.html]
[ctlyticstry.framer.website/matches/199.html]
[ctlyticstry.framer.website/matches/359.html]
[ctlyticstry.framer.website/matches/198.html]
[ctlyticstry.framer.website/matches/196.html]
[ctlyticstry.framer.website/matches/197.html]
[framerusercontent.com/images/PhESjIDlXXtfwzCKIaINw0LQa5k.png]
[ctlyticstry.framer.website/matches/195.html]
[ctlyticstry.framer.website/matches/193.html]
[ctlyticstry.framer.website/matches/194.html]
[ctlyticstry.framer.website/matches/358.html]
[ctlyticstry.framer.website/matches/192.html]
[ctlyticstry.framer.website/matches/191.html]
[framerusercontent.com/images/kr9LBmX9IZEIElKonvPw9VphPI4.jpg]
[ctlyticstry.framer.website/matches/190.html]
[ctlyticstry.framer.website/matches/357.html]
[ctlyticstry.framer.website/matches/356.html]
[ctlyticstry.framer.website/matches/189.html]
[ctlyticstry.framer.website/matches/188.html]
[ctlyticstry.framer.website/matches/187.html]
[ctlyticstry.framer.website/matches/186.html]
[framerusercontent.com/images/IOtCFcEWTRvwYz4WrFbPifWLs.png]
[ctlyticstry.framer.website/matches/185.html]
[ctlyticstry.framer.website/matches/184.html]
[ctlyticstry.framer.website/matches/183.html]
[framerusercontent.com/images/YtzIgv1jrz7vfioxR2OY66DkkQ.jpg]
[ctlyticstry.framer.website/matches/355.html]
[ctlyticstry.framer.website/matches/182.html]
[ctlyticstry.framer.website/matches/181.html]
[ctlyticstry.framer.website/matches/354.html]
[ctlyticstry.framer.website/matches/353.html]
[ctlyticstry.framer.website/matches/180.html]
[ctlyticstry.framer.website/matches/178.html]
[ctlyticstry.framer.website/matches/176.html]
[ctlyticstry.framer.website/matches/175.html]
[ctlyticstry.framer.website/matches/174.html]
[ctlyticstry.framer.website/matches/173.html]
[framerusercontent.com/images/omKnM0320BBbxwiQ4KVidM5GkGw.jpg]
[framerusercontent.com/images/EuZ6rgROXXk1mR1yvMXsBH2KE.png]
[ctlyticstry.framer.website/matches/172.html]
[ctlyticstry.framer.website/matches/352.html]
[ctlyticstry.framer.website/matches/171.html]
[framerusercontent.com/images/MtrEYQe9n2WPWaTmfUdwfoBMs.png]
[ctlyticstry.framer.website/matches/351.html]
[ctlyticstry.framer.website/matches/350.html]
[ctlyticstry.framer.website/matches/170.html]
[ctlyticstry.framer.website/matches/168.html]
[ctlyticstry.framer.website/matches/169.html]
[ctlyticstry.framer.website/matches/167.html]
[framerusercontent.com/images/5nsdnFiZR7jvI6lfvGU7XcdZf8.jpg]
[framerusercontent.com/images/hRfjtUkiNksuy7c05NVjfEvfedM.png]
[ctlyticstry.framer.website/matches/166.html]
[framerusercontent.com/images/irmADRd5NGQi4zqkuyu7iAtdz0.jpg]
[ctlyticstry.framer.website/matches/165.html]
[ctlyticstry.framer.website/matches/164.html]
[ctlyticstry.framer.website/matches/349.html]
[framerusercontent.com/images/qiK4auhJZSKiGDVUF3Q5oIePaa8.jpg]
[ctlyticstry.framer.website/matches/162.html]
[ctlyticstry.framer.website/matches/161.html]
[ctlyticstry.framer.website/matches/160.html]
[ctlyticstry.framer.website/matches/159.html]
[ctlyticstry.framer.website/matches/348.html]
[ctlyticstry.framer.website/matches/157.html]
[ctlyticstry.framer.website/matches/158.html]
[framerusercontent.com/images/QCemsehvrrWlG6xB7uyEB1dpE.png]
[ctlyticstry.framer.website/matches/156.html]
[ctlyticstry.framer.website/matches/347.html]
[ctlyticstry.framer.website/matches/346.html]
[ctlyticstry.framer.website/matches/155.html]
[ctlyticstry.framer.website/matches/154.html]
[framerusercontent.com/images/3fxfegii8wcf7eAwsRFcQqIDSA.jpg]
[framerusercontent.com/images/AHVtvti3bAXTeKLs8VEBDtL18.jpg]
[ctlyticstry.framer.website/matches/345.html]
[ctlyticstry.framer.website/matches/153.html]
[ctlyticstry.framer.website/matches/152.html]
[ctlyticstry.framer.website/matches/149.html]
[ctlyticstry.framer.website/matches/151.html]
[framerusercontent.com/images/Adz8LThRi8mmULe3vIZX3t51dqc.jpg]
[ctlyticstry.framer.website/matches/148.html]
[ctlyticstry.framer.website/matches/147.html]
[framerusercontent.com/images/YzIBKI1t3WL5c2lvYCWien4PgQ.jpg]
[ctlyticstry.framer.website/matches/344.html]
[ctlyticstry.framer.website/matches/343.html]
[ctlyticstry.framer.website/matches/146.html]
[ctlyticstry.framer.website/matches/145.html]
[ctlyticstry.framer.website/matches/144.html]
[framerusercontent.com/images/82R3uYS0mQQvdG49Lwg9ddTmoGg.jpg]
[ctlyticstry.framer.website/matches/143.html]
[ctlyticstry.framer.website/matches/341.html]
[ctlyticstry.framer.website/players/mape-deivz.html]
[ctlyticstry.framer.website/matches/142.html]
[ctlyticstry.framer.website/matches/140.html]
[ctlyticstry.framer.website/matches/141.html]
[framerusercontent.com/images/UBSexwMJxFu9Z3qmWP1gbcyBGg.png]
[framerusercontent.com/images/pdOnX1KaGeMsccEuMJLkzeB7ra0.png]
[ctlyticstry.framer.website/matches/139.html]
[ctlyticstry.framer.website/matches/138.html]
[framerusercontent.com/images/Ixh904GbphdaaGd1e9LpYvAneA.png]
[ctlyticstry.framer.website/matches/340.html]
[ctlyticstry.framer.website/matches/339.html]
[ctlyticstry.framer.website/matches/137.html]
[ctlyticstry.framer.website/matches/135.html]
[ctlyticstry.framer.website/matches/338.html]
[ctlyticstry.framer.website/matches/134.html]
[ctlyticstry.framer.website/matches/136.html]
[ctlyticstry.framer.website/matches/133.html]
[ctlyticstry.framer.website/matches/132.html]
[ctlyticstry.framer.website/matches/130.html]
[ctlyticstry.framer.website/matches/131.html]
[ctlyticstry.framer.website/matches/129.html]
[ctlyticstry.framer.website/players/slk-gab1-esp.html]
[ctlyticstry.framer.website/matches/128.html]
[ctlyticstry.framer.website/matches/126.html]
[ctlyticstry.framer.website/matches/337.html]
[ctlyticstry.framer.website/matches/127.html]
[ctlyticstry.framer.website/matches/125.html]
[ctlyticstry.framer.website/matches/124.html]
[ctlyticstry.framer.website/matches/122.html]
[ctlyticstry.framer.website/matches/123.html]
[ctlyticstry.framer.website/matches/120.html]
[ctlyticstry.framer.website/matches/121.html]
[ctlyticstry.framer.website/matches/118.html]
[ctlyticstry.framer.website/matches/117.html]
[ctlyticstry.framer.website/matches/116.html]
[ctlyticstry.framer.website/matches/115.html]
[ctlyticstry.framer.website/matches/336.html]
[ctlyticstry.framer.website/matches/114.html]
[ctlyticstry.framer.website/matches/113.html]
[ctlyticstry.framer.website/matches/335.html]
[ctlyticstry.framer.website/matches/112.html]
[ctlyticstry.framer.website/matches/111.html]
[ctlyticstry.framer.website/matches/332.html]
[ctlyticstry.framer.website/matches/110.html]
[ctlyticstry.framer.website/matches/109.html]
[ctlyticstry.framer.website/matches/108.html]
[ctlyticstry.framer.website/matches/107.html]
[ctlyticstry.framer.website/matches/103.html]
[ctlyticstry.framer.website/matches/106.html]
[ctlyticstry.framer.website/matches/102.html]
[ctlyticstry.framer.website/matches/99.html]
[ctlyticstry.framer.website/matches/330.html]
[ctlyticstry.framer.website/matches/98.html]
[framerusercontent.com/images/jXhQRgVFVVIjPFXiZ3bUOEh2A0.png]
[ctlyticstry.framer.website/matches/329.html]
[ctlyticstry.framer.website/matches/96.html]
[ctlyticstry.framer.website/matches/97.html]
[ctlyticstry.framer.website/matches/326.html]
[ctlyticstry.framer.website/matches/93.html]
[framerusercontent.com/images/NEm41m6RKPH24t6SbUPKeRRzs.png]
[ctlyticstry.framer.website/matches/325.html]
[ctlyticstry.framer.website/matches/92.html]
[ctlyticstry.framer.website/matches/91.html]
[ctlyticstry.framer.website/matches/324.html]
[ctlyticstry.framer.website/matches/90.html]
[ctlyticstry.framer.website/matches/89.html]
[ctlyticstry.framer.website/matches/323.html]
[ctlyticstry.framer.website/matches/88.html]
[ctlyticstry.framer.website/matches/87.html]
[ctlyticstry.framer.website/matches/322.html]
[ctlyticstry.framer.website/matches/86.html]
[ctlyticstry.framer.website/matches/85.html]
[ctlyticstry.framer.website/matches/321.html]
[ctlyticstry.framer.website/matches/84.html]
[ctlyticstry.framer.website/matches/81.html]
[ctlyticstry.framer.website/matches/83.html]
[ctlyticstry.framer.website/matches/320.html]
[ctlyticstry.framer.website/matches/80.html]
[ctlyticstry.framer.website/matches/79.html]
[ctlyticstry.framer.website/matches/78.html]
[framerusercontent.com/images/Yht6BJxQYfBYSkMQY1UnLtMsY3Q.png]
[ctlyticstry.framer.website/matches/77.html]
[ctlyticstry.framer.website/matches/76.html]
[ctlyticstry.framer.website/matches/74.html]
[ctlyticstry.framer.website/matches/319.html]
[ctlyticstry.framer.website/matches/72.html]
[ctlyticstry.framer.website/matches/73.html]
[ctlyticstry.framer.website/matches/318.html]
[ctlyticstry.framer.website/matches/71.html]
[ctlyticstry.framer.website/matches/70.html]
[ctlyticstry.framer.website/matches/313.html]
[ctlyticstry.framer.website/matches/69.html]
[ctlyticstry.framer.website/matches/68.html]
[ctlyticstry.framer.website/matches/67.html]
[ctlyticstry.framer.website/matches/66.html]
[ctlyticstry.framer.website/matches/64.html]
[ctlyticstry.framer.website/matches/309.html]
[ctlyticstry.framer.website/matches/61.html]
[ctlyticstry.framer.website/matches/63.html]
[ctlyticstry.framer.website/matches/308.html]
[ctlyticstry.framer.website/matches/60.html]
[ctlyticstry.framer.website/matches/58.html]
[ctlyticstry.framer.website/matches/57.html]
[ctlyticstry.framer.website/matches/56.html]
[ctlyticstry.framer.website/matches/55.html]
[framerusercontent.com/images/EX8rDkCbxEvfyTFawpOIFklyf1Q.jpg]
[framerusercontent.com/images/3GIE5ZRnDZj5ZPZRVdg59VhA3lk.png]
[ctlyticstry.framer.website/matches/54.html]
[ctlyticstry.framer.website/matches/305.html]
[ctlyticstry.framer.website/matches/303.html]
[ctlyticstry.framer.website/matches/48.html]
[ctlyticstry.framer.website/matches/301.html]
[ctlyticstry.framer.website/matches/46.html]
[ctlyticstry.framer.website/matches/45.html]
[ctlyticstry.framer.website/matches/44.html]
[ctlyticstry.framer.website/matches/298.html]
[ctlyticstry.framer.website/matches/42.html]
[ctlyticstry.framer.website/matches/41.html]
[ctlyticstry.framer.website/matches/297.html]
[ctlyticstry.framer.website/matches/39.html]
[ctlyticstry.framer.website/matches/38.html]
[ctlyticstry.framer.website/matches/296.html]
[ctlyticstry.framer.website/matches/36.html]
[ctlyticstry.framer.website/matches/35.html]
[ctlyticstry.framer.website/matches/295.html]
[ctlyticstry.framer.website/matches/33.html]
[ctlyticstry.framer.website/matches/294.html]
[ctlyticstry.framer.website/matches/32.html]
[ctlyticstry.framer.website/matches/31.html]
[ctlyticstry.framer.website/matches/293.html]
[ctlyticstry.framer.website/matches/29.html]
[ctlyticstry.framer.website/matches/28.html]
[ctlyticstry.framer.website/matches/292.html]
[ctlyticstry.framer.website/matches/27.html]
[ctlyticstry.framer.website/matches/25.html]
[ctlyticstry.framer.website/matches/291.html]
[ctlyticstry.framer.website/matches/24.html]
[ctlyticstry.framer.website/matches/22.html]
[ctlyticstry.framer.website/matches/290.html]
[ctlyticstry.framer.website/matches/21.html]
[ctlyticstry.framer.website/matches/20.html]
[ctlyticstry.framer.website/matches/289.html]
[ctlyticstry.framer.website/matches/18.html]
[ctlyticstry.framer.website/matches/288.html]
