[ctlyticstry.framer.website/index.html]
[backblue.gif]
[fade.gif]
[index.html]
[framerusercontent.com/modules/5QIZNA4n5GTQbRxVAYJB/yTS96LRMRMyWl5FgtyVJ/T9tzXmO8G.js]
[ga.jspm.io/npm_es-module-shims@1.6.3/dist/es-module-shims.js]
[framerusercontent.com/images/oDafMqZRAfgqtOWgaLl1jU.png]
[ctlyticstry.framer.website/index.html]
[framerusercontent.com/modules/B4IyDtevecCITxuxTi8S/zKHL39wMwUwvIW5RNprZ/MxK0c8vhQ.js]
[framerusercontent.com/modules/Mi5gfNIX0utevaQFY82m/KKoVKJ3a7FYOLtft2xgv/Rnlc5ymyr.js]
[framerusercontent.com/modules/Tu7TBvc1X6vNT36LHkpg/OB5UEuVjXA3TFjAAHUyI/MB2CmTo72.js]
[framerusercontent.com/modules/TYyH12GpGCtxEviAHwEN/YNxzfwzbKfOLnwGQDhfH/Aepu58K5k.js]
[framerusercontent.com/modules/bJhOxiyj1MkYa9XymZWf/xHL3zpZKNeY0gU0lGXhT/U1KkVf6c6.js]
[framerusercontent.com/modules/VgpC4EKieTX6OTaACAtv/KUDAHAyVYyLVjU64lBqy/WhLED6e_z.js]
[framerusercontent.com/modules/PLGfNIHPXFIutDZ54Agb/zDlGPnXJ8oe7x136dotJ/sXs64Qbbv.js]
[framerusercontent.com/modules/rrUwosv6Vjo0LJY1KoYp/dbh8GYbnESdY2qd7lEgk/oQ2i3KNPY.js]
[framerusercontent.com/modules/xUqrWpLOC7dbe22hp7cL/bn74NsEjHU0MEmM5UL2C/PQrB0Rt80.js]
[framerusercontent.com/modules/O258BjKZqeXMlnSqJ3lz/yQvncelERk08DhFzhQJF/uBP2poSCx.js]
[framerusercontent.com/modules/jRp4mlN3UUoe8kVb8gQY/lsR8WaeuCIyNhUeyWTWO/UWc6Oqya9.js]
[framerusercontent.com/modules/hNXysUoBK4kxRWDvI7Dr/71DDV36lLeXt8JkRiDjQ/P6jgF8ocC.js]
[framerusercontent.com/modules/uOPScvQP4gOossax8Dwy/KBuFdTh2YEbFMojAkmz7/yhlh6Eutz.js]
